base       sky_strata hair 0.0794 bristle 0.0063 |grad| p99 260 p99.9 658
base       sky_top    hair 0.0940 bristle 0.0070 |grad| p99 578 p99.9 1062
base       rock       hair 0.1366 bristle 0.0186 |grad| p99 805 p99.9 1574
base       sea        hair 0.2190 bristle 0.0200 |grad| p99 770 p99.9 1827
base       tower_base hair 0.1267 bristle 0.0055 |grad| p99 962 p99.9 1678
base: total 36.6s, levelling 0.0s (20 iters/layer)
ramp03     sky_strata hair 0.0507 bristle 0.0055 |grad| p99 172 p99.9 346
ramp03     sky_top    hair 0.0457 bristle 0.0052 |grad| p99 299 p99.9 449
ramp03     rock       hair 0.1135 bristle 0.0156 |grad| p99 563 p99.9 1091
ramp03     sea        hair 0.1854 bristle 0.0162 |grad| p99 519 p99.9 998
ramp03     tower_base hair 0.0711 bristle 0.0041 |grad| p99 668 p99.9 1003
ramp03: total 38.2s, levelling 0.0s (20 iters/layer)
lvledge    sky_strata hair 0.0401 bristle 0.0053 |grad| p99 155 p99.9 233
lvledge    sky_top    hair 0.0302 bristle 0.0044 |grad| p99 247 p99.9 672
lvledge    rock       hair 0.0526 bristle 0.0103 |grad| p99 404 p99.9 682
lvledge    sea        hair 0.0835 bristle 0.0099 |grad| p99 426 p99.9 928
lvledge    tower_base hair 0.0239 bristle 0.0024 |grad| p99 685 p99.9 1025
lvledge: total 52.6s, levelling 14.7s (20 iters/layer)
ramp_lvl   sky_strata hair 0.0351 bristle 0.0050 |grad| p99 142 p99.9 185
ramp_lvl   sky_top    hair 0.0213 bristle 0.0039 |grad| p99 174 p99.9 385
ramp_lvl   rock       hair 0.0518 bristle 0.0096 |grad| p99 336 p99.9 603
ramp_lvl   sea        hair 0.0806 bristle 0.0092 |grad| p99 354 p99.9 573
ramp_lvl   tower_base hair 0.0191 bristle 0.0022 |grad| p99 537 p99.9 750
ramp_lvl: total 51.6s, levelling 13.9s (20 iters/layer)
